info  Running SUSHI v3.20.0 (implements FHIR Shorthand specification v3.0.0)
info  Arguments:
info    /Users/thome/code/fhir-profiling/kerndatensatzmodul-biobank
info  No output path specified. Output to .
info  Using configuration file: /Users/thome/code/fhir-profiling/kerndatensatzmodul-biobank/sushi-config.yaml
info  Importing FSH text...
error Skipping RuleSet: a RuleSet named SupportResource already exists.
  File: /Users/thome/code/fhir-profiling/kerndatensatzmodul-biobank/input/fsh/rulesets/cps-rules.fsh
  Line: 20 - 23
error Skipping RuleSet: a RuleSet named Profile already exists.
  File: /Users/thome/code/fhir-profiling/kerndatensatzmodul-biobank/input/fsh/rulesets/cps-rules.fsh
  Line: 38 - 39
error Skipping RuleSet: a RuleSet named SupportProfile already exists.
  File: /Users/thome/code/fhir-profiling/kerndatensatzmodul-biobank/input/fsh/rulesets/cps-rules.fsh
  Line: 43 - 47
error Skipping RuleSet: a RuleSet named SupportInteraction already exists.
  File: /Users/thome/code/fhir-profiling/kerndatensatzmodul-biobank/input/fsh/rulesets/cps-rules.fsh
  Line: 49 - 53
error Skipping RuleSet: a RuleSet named SupportSearchParam already exists.
  File: /Users/thome/code/fhir-profiling/kerndatensatzmodul-biobank/input/fsh/rulesets/cps-rules.fsh
  Line: 55 - 61
info  Preprocessed 79 documents with 54 aliases.
info  Imported 37 definitions and 26 instances.
warn  Detected FSH entity definitions with duplicate names. While FSH allows for duplicate names across entity types, they can lead to ambiguous results when referring to these entities by name elsewhere (e.g., in references). Consider using unique names in FSH declarations and assigning duplicated names using caret assignment rules instead. Detected duplicate names: MII_LM_Biobank.
info  Loaded virtual package sushi-r5forR4#1.0.0 with 7 resources
info  Resolved hl7.fhir.uv.tools.r4#latest to concrete version 1.1.2
info  Loaded hl7.fhir.uv.tools.r4#1.1.2 with 119 resources
info  Loaded hl7.terminology.r4#7.3.0 with 4176 resources
info  Loaded de.basisprofil.r4#1.5.4 with 168 resources
info  Loaded de.medizininformatikinitiative.kerndatensatz.meta#2026.0.0 with 173 resources
info  Loaded eu.miabis.r4#0.2.0 with 67 resources
info  Loaded hl7.fhir.uv.crmi#2.0.0 with 123 resources
info  Loaded hl7.fhir.r4.core#4.0.1 with 4581 resources
info  Loaded hl7.fhir.uv.extensions.r4#5.3.0 with 885 resources
info  Loaded virtual package sushi-local#LOCAL with 1 resources
info  Converting FSH to FHIR resources...
warn  Inadvisable path Bioprobe.Proben-ID. Element names should be simple alphanumerics. See eld-20 at https://hl7.org/fhir/elementdefinition.html#ElementDefinition-inv.
  File: /Users/thome/code/fhir-profiling/kerndatensatzmodul-biobank/input/fsh/logicals/MII_LM_Biobank.fsh
  Line: 9
warn  Inadvisable path Bioprobe.Entstanden-aus. Element names should be simple alphanumerics. See eld-20 at https://hl7.org/fhir/elementdefinition.html#ElementDefinition-inv.
  File: /Users/thome/code/fhir-profiling/kerndatensatzmodul-biobank/input/fsh/logicals/MII_LM_Biobank.fsh
  Line: 15
warn  Inadvisable path Bioprobe.gehoert-zu. Element names should be simple alphanumerics. See eld-20 at https://hl7.org/fhir/elementdefinition.html#ElementDefinition-inv.
  File: /Users/thome/code/fhir-profiling/kerndatensatzmodul-biobank/input/fsh/logicals/MII_LM_Biobank.fsh
  Line: 17
warn  Inadvisable path Bioprobe.Anzahl-Aliqouts. Element names should be simple alphanumerics. See eld-20 at https://hl7.org/fhir/elementdefinition.html#ElementDefinition-inv.
  File: /Users/thome/code/fhir-profiling/kerndatensatzmodul-biobank/input/fsh/logicals/MII_LM_Biobank.fsh
  Line: 18
warn  Inadvisable path Bioprobe.Probenentnahme.Entnahme-ID. Element names should be simple alphanumerics. See eld-20 at https://hl7.org/fhir/elementdefinition.html#ElementDefinition-inv.
  File: /Users/thome/code/fhir-profiling/kerndatensatzmodul-biobank/input/fsh/logicals/MII_LM_Biobank.fsh
  Line: 27
warn  Inadvisable path Bioprobe.Zelllinie_Organoid. Element names should be simple alphanumerics. See eld-20 at https://hl7.org/fhir/elementdefinition.html#ElementDefinition-inv.
  File: /Users/thome/code/fhir-profiling/kerndatensatzmodul-biobank/input/fsh/logicals/MII_LM_Biobank.fsh
  Line: 50 - 51
warn  Inadvisable path Bioprobe.Zelllinie_Organoid.Phänotyp-Diagnose. Element names should be simple alphanumerics. See eld-20 at https://hl7.org/fhir/elementdefinition.html#ElementDefinition-inv.
  File: /Users/thome/code/fhir-profiling/kerndatensatzmodul-biobank/input/fsh/logicals/MII_LM_Biobank.fsh
  Line: 52
warn  Inadvisable path Bioprobe.Zelllinie_Organoid.Qualitätsprüfung. Element names should be simple alphanumerics. See eld-20 at https://hl7.org/fhir/elementdefinition.html#ElementDefinition-inv.
  File: /Users/thome/code/fhir-profiling/kerndatensatzmodul-biobank/input/fsh/logicals/MII_LM_Biobank.fsh
  Line: 60
warn  Inadvisable path Bioprobe.Zelllinie_Organoid.Protokoll-Kultur. Element names should be simple alphanumerics. See eld-20 at https://hl7.org/fhir/elementdefinition.html#ElementDefinition-inv.
  File: /Users/thome/code/fhir-profiling/kerndatensatzmodul-biobank/input/fsh/logicals/MII_LM_Biobank.fsh
  Line: 61
warn  Inadvisable path Probensammlung-Biobank. Element names should be simple alphanumerics. See eld-20 at https://hl7.org/fhir/elementdefinition.html#ElementDefinition-inv.
  File: /Users/thome/code/fhir-profiling/kerndatensatzmodul-biobank/input/fsh/logicals/MII_LM_Biobank.fsh
  Line: 63 - 64
warn  Inadvisable path Probensammlung-Biobank.Kontakt.E-Mail. Element names should be simple alphanumerics. See eld-20 at https://hl7.org/fhir/elementdefinition.html#ElementDefinition-inv.
  File: /Users/thome/code/fhir-profiling/kerndatensatzmodul-biobank/input/fsh/logicals/MII_LM_Biobank.fsh
  Line: 68
warn  Inadvisable path Probensammlung-Biobank.Sammlungs-ID. Element names should be simple alphanumerics. See eld-20 at https://hl7.org/fhir/elementdefinition.html#ElementDefinition-inv.
  File: /Users/thome/code/fhir-profiling/kerndatensatzmodul-biobank/input/fsh/logicals/MII_LM_Biobank.fsh
  Line: 71 - 72
warn  Inadvisable path Probensammlung-Biobank.BBMRI-ERIC-ID. Element names should be simple alphanumerics. See eld-20 at https://hl7.org/fhir/elementdefinition.html#ElementDefinition-inv.
  File: /Users/thome/code/fhir-profiling/kerndatensatzmodul-biobank/input/fsh/logicals/MII_LM_Biobank.fsh
  Line: 73
warn  Inadvisable path Probensammlung-Biobank.besteht-aus. Element names should be simple alphanumerics. See eld-20 at https://hl7.org/fhir/elementdefinition.html#ElementDefinition-inv.
  File: /Users/thome/code/fhir-profiling/kerndatensatzmodul-biobank/input/fsh/logicals/MII_LM_Biobank.fsh
  Line: 78
info  Converted 23 FHIR StructureDefinitions.
info  Converted 2 FHIR CodeSystems.
info  Converted 12 FHIR ValueSets.
warn  Sliced element Specimen.processing.procedure.coding is being accessed via numeric index. Use slice names in rule paths when possible.
  File: /Users/thome/code/fhir-profiling/kerndatensatzmodul-biobank/input/fsh/instances/MusterprobeGewebe.fsh
  Line: 40
info  Converted 26 FHIR instances.
info  Exporting FHIR resources as JSON...
info  Exported 63 FHIR resources as JSON.
info  Assembling Implementation Guide sources...
info  Generated ImplementationGuide-mii-ig-biobank-de-v2026.json
info  Assembled Implementation Guide sources; ready for IG Publisher.
info  The _build script hosted at https://github.com/HL7/ig-publisher-scripts is useful for downloading and running the IG Publisher.

========================= SUSHI RESULTS ===========================
|  -------------------------------------------------------------  |
| |    Profiles   |  Extensions  |   Logicals   |   Resources   | |
| |-------------------------------------------------------------| |
| |      11       |      11      |      1       |       0       | |
|  -------------------------------------------------------------  |
|  -------------------------------------------------------------  |
| |      ValueSets     |    CodeSystems    |     Instances      | |
| |-------------------------------------------------------------| |
| |         12         |         2         |         26         | |
|  -------------------------------------------------------------  |
|                                                                 |
===================================================================
| Unfor-tuna-tely, there are errors.     5 Errors     16 Warnings |
===================================================================
|    You are using SUSHI version 3.20.0, but the latest stable    |
| release is version 3.20.1. To install the latest release, run:  |
|                    npm install -g fsh-sushi                     |
===================================================================

